// Jest Snapshot v1, https://goo.gl/fbAQLP

exports[`InfraStack 1`] = `
Object {
  "Parameters": Object {
    "AssetParameters56ff781865cb28e850ba89eb90a0aa9b48f31ad4ff3bf2231db34f87cbb01615ArtifactHashD944D272": Object {
      "Description": "Artifact hash for asset \\"56ff781865cb28e850ba89eb90a0aa9b48f31ad4ff3bf2231db34f87cbb01615\\"",
      "Type": "String",
    },
    "AssetParameters56ff781865cb28e850ba89eb90a0aa9b48f31ad4ff3bf2231db34f87cbb01615S3BucketBC8F7C7A": Object {
      "Description": "S3 bucket for asset \\"56ff781865cb28e850ba89eb90a0aa9b48f31ad4ff3bf2231db34f87cbb01615\\"",
      "Type": "String",
    },
    "AssetParameters56ff781865cb28e850ba89eb90a0aa9b48f31ad4ff3bf2231db34f87cbb01615S3VersionKey4A69B7BE": Object {
      "Description": "S3 key for asset version \\"56ff781865cb28e850ba89eb90a0aa9b48f31ad4ff3bf2231db34f87cbb01615\\"",
      "Type": "String",
    },
    "AssetParametersb018189d0aa33ed6ed6e4851dcf06c32d460f85d7ce6688c77987352a4afa5caArtifactHashFB552854": Object {
      "Description": "Artifact hash for asset \\"b018189d0aa33ed6ed6e4851dcf06c32d460f85d7ce6688c77987352a4afa5ca\\"",
      "Type": "String",
    },
    "AssetParametersb018189d0aa33ed6ed6e4851dcf06c32d460f85d7ce6688c77987352a4afa5caS3Bucket19AC43B7": Object {
      "Description": "S3 bucket for asset \\"b018189d0aa33ed6ed6e4851dcf06c32d460f85d7ce6688c77987352a4afa5ca\\"",
      "Type": "String",
    },
    "AssetParametersb018189d0aa33ed6ed6e4851dcf06c32d460f85d7ce6688c77987352a4afa5caS3VersionKey22A0DCF5": Object {
      "Description": "S3 key for asset version \\"b018189d0aa33ed6ed6e4851dcf06c32d460f85d7ce6688c77987352a4afa5ca\\"",
      "Type": "String",
    },
    "AssetParametersff86a9ccac1270080e7b2640ec2bb1006c76c99b6efdf23f3293931f053e93f6ArtifactHash83014A1D": Object {
      "Description": "Artifact hash for asset \\"ff86a9ccac1270080e7b2640ec2bb1006c76c99b6efdf23f3293931f053e93f6\\"",
      "Type": "String",
    },
    "AssetParametersff86a9ccac1270080e7b2640ec2bb1006c76c99b6efdf23f3293931f053e93f6S3BucketBD08C9D3": Object {
      "Description": "S3 bucket for asset \\"ff86a9ccac1270080e7b2640ec2bb1006c76c99b6efdf23f3293931f053e93f6\\"",
      "Type": "String",
    },
    "AssetParametersff86a9ccac1270080e7b2640ec2bb1006c76c99b6efdf23f3293931f053e93f6S3VersionKey114817F5": Object {
      "Description": "S3 key for asset version \\"ff86a9ccac1270080e7b2640ec2bb1006c76c99b6efdf23f3293931f053e93f6\\"",
      "Type": "String",
    },
  },
  "Resources": Object {
    "FourDPipelineStackNestedStackFourDPipelineStackNestedStackResourceCC0A20CE": Object {
      "DeletionPolicy": "Delete",
      "Properties": Object {
        "TemplateURL": Object {
          "Fn::Join": Array [
            "",
            Array [
              "https://s3.eu-west-1.",
              Object {
                "Ref": "AWS::URLSuffix",
              },
              "/",
              Object {
                "Ref": "AssetParametersb018189d0aa33ed6ed6e4851dcf06c32d460f85d7ce6688c77987352a4afa5caS3Bucket19AC43B7",
              },
              "/",
              Object {
                "Fn::Select": Array [
                  0,
                  Object {
                    "Fn::Split": Array [
                      "||",
                      Object {
                        "Ref": "AssetParametersb018189d0aa33ed6ed6e4851dcf06c32d460f85d7ce6688c77987352a4afa5caS3VersionKey22A0DCF5",
                      },
                    ],
                  },
                ],
              },
              Object {
                "Fn::Select": Array [
                  1,
                  Object {
                    "Fn::Split": Array [
                      "||",
                      Object {
                        "Ref": "AssetParametersb018189d0aa33ed6ed6e4851dcf06c32d460f85d7ce6688c77987352a4afa5caS3VersionKey22A0DCF5",
                      },
                    ],
                  },
                ],
              },
            ],
          ],
        },
      },
      "Type": "AWS::CloudFormation::Stack",
      "UpdateReplacePolicy": "Delete",
    },
    "LambdaFleetStackNestedStackLambdaFleetStackNestedStackResource438355F9": Object {
      "DeletionPolicy": "Delete",
      "Properties": Object {
        "Parameters": Object {
          "referencetoteststackAssetParameters56ff781865cb28e850ba89eb90a0aa9b48f31ad4ff3bf2231db34f87cbb01615S3BucketFD256717Ref": Object {
            "Ref": "AssetParameters56ff781865cb28e850ba89eb90a0aa9b48f31ad4ff3bf2231db34f87cbb01615S3BucketBC8F7C7A",
          },
          "referencetoteststackAssetParameters56ff781865cb28e850ba89eb90a0aa9b48f31ad4ff3bf2231db34f87cbb01615S3VersionKey41992936Ref": Object {
            "Ref": "AssetParameters56ff781865cb28e850ba89eb90a0aa9b48f31ad4ff3bf2231db34f87cbb01615S3VersionKey4A69B7BE",
          },
        },
        "TemplateURL": Object {
          "Fn::Join": Array [
            "",
            Array [
              "https://s3.eu-west-1.",
              Object {
                "Ref": "AWS::URLSuffix",
              },
              "/",
              Object {
                "Ref": "AssetParametersff86a9ccac1270080e7b2640ec2bb1006c76c99b6efdf23f3293931f053e93f6S3BucketBD08C9D3",
              },
              "/",
              Object {
                "Fn::Select": Array [
                  0,
                  Object {
                    "Fn::Split": Array [
                      "||",
                      Object {
                        "Ref": "AssetParametersff86a9ccac1270080e7b2640ec2bb1006c76c99b6efdf23f3293931f053e93f6S3VersionKey114817F5",
                      },
                    ],
                  },
                ],
              },
              Object {
                "Fn::Select": Array [
                  1,
                  Object {
                    "Fn::Split": Array [
                      "||",
                      Object {
                        "Ref": "AssetParametersff86a9ccac1270080e7b2640ec2bb1006c76c99b6efdf23f3293931f053e93f6S3VersionKey114817F5",
                      },
                    ],
                  },
                ],
              },
            ],
          ],
        },
      },
      "Type": "AWS::CloudFormation::Stack",
      "UpdateReplacePolicy": "Delete",
    },
  },
}
`;
